// Jest Snapshot v1, https://goo.gl/fbAQLP

exports[`"  *123  " 1`] = `
alias (1:3 ~ 1:7)
1 | ··*123··¶
  |   ^^^^
<alias value="123" />
`;
