// Jest Snapshot v1, https://goo.gl/fbAQLP

exports[`"   \\"123 \\"  " 1`] = `
quoteDouble (1:4 ~ 1:10)
1 | ···"123·"··¶
  |    ^^^^^^
<quoteDouble value="123 " />
`;
