// Jest Snapshot v1, https://goo.gl/fbAQLP

exports[`"   '123 '  " 1`] = `
quoteSingle (1:4 ~ 1:10)
1 | ···'123·'··¶
  |    ^^^^^^
<quoteSingle value="123 " />
`;
